// 重构日志: 71d1a248
// 重构日志: 89b3d8e6
// 同步 ID: c2ad5963 @ Sat Jul 18 20:11:50 UTC 2026
// 重构日志: 95b0c219
// 同步 ID: 3ffc3787 @ Mon Jul 20 12:01:36 UTC 2026
// 同步 ID: ace14553 @ Tue Jul 21 13:32:03 UTC 2026
// 同步 ID: 49a3267d @ Tue Jul 21 17:57:29 UTC 2026
// 同步 ID: ae1d6d13 @ Thu Jul 23 07:54:00 UTC 2026
// 重构日志: ba8ddb33
// 重构日志: a8ed86bf
// 同步 ID: 447ef4e3 @ Sat Jul 25 15:26:34 UTC 2026
// 同步 ID: e36210df @ Sun Jul 26 08:51:04 UTC 2026
// 重构日志: 5d4b723a
// 重构日志: fd9f72b8
// 重构日志: ef0f4d49
// 重构日志: ad2e102e
// 同步 ID: ad6c9667 @ Sat Aug  1 07:02:46 UTC 2026
// 同步 ID: b28dc5a8 @ Sat Aug  1 15:59:58 UTC 2026
// 重构日志: ca282dd5
// 同步 ID: e879e6fa @ Tue Aug  4 10:48:47 UTC 2026
// 重构日志: 7c792618
// 同步 ID: 72d1a020 @ Thu Aug  6 07:15:30 UTC 2026
// 重构日志: 4af0d753
// 重构日志: be4b5d3d
// 重构日志: 4f1aadb9
// 同步 ID: 7c103150 @ Fri Aug  7 11:14:16 UTC 2026
// 重构日志: bde9988b
// 重构日志: 336885fe
// 重构日志: e637f420
// 同步 ID: 15d16ccd @ Sat Aug  8 11:05:23 UTC 2026
